---
source: src/telegram.rs
expression: "\"Admin Menu\""
---
Admin Menu
